
> dental-dashboard@1.0.0 build
> vite build

[36mvite v7.3.1 [32mbuilding client environment for production...[36m[39m
transforming...
[32mÔ£ô[39m 2774 modules transformed.
[plugin vite:reporter] 
(!) C:/Users/esteb/Desktop/Dentaldash/src/config/supabaseClient.js is dynamically imported by C:/Users/esteb/Desktop/Dentaldash/src/components/ClinicalRecordModal.jsx but also statically imported by C:/Users/esteb/Desktop/Dentaldash/src/App.js, C:/Users/esteb/Desktop/Dentaldash/src/components/Header.jsx, C:/Users/esteb/Desktop/Dentaldash/src/components/LoginView.jsx, C:/Users/esteb/Desktop/Dentaldash/src/components/settings/FaqsTab.jsx, C:/Users/esteb/Desktop/Dentaldash/src/components/settings/ScheduleTab.jsx, C:/Users/esteb/Desktop/Dentaldash/src/components/settings/WhatsAppTab.jsx, C:/Users/esteb/Desktop/Dentaldash/src/components/settings/useSettings.js, C:/Users/esteb/Desktop/Dentaldash/src/services/AppointmentService.js, C:/Users/esteb/Desktop/Dentaldash/src/services/EvolutionService.js, C:/Users/esteb/Desktop/Dentaldash/src/services/GoogleCalendarService.js, C:/Users/esteb/Desktop/Dentaldash/src/services/OdontogramService.js, C:/Users/esteb/Desktop/Dentaldash/src/services/PatientService.ts, C:/Users/esteb/Desktop/Dentaldash/src/services/StorageService.js, dynamic import will not move module into another chunk.

[plugin vite:reporter] 
(!) C:/Users/esteb/Desktop/Dentaldash/src/services/PatientService.ts is dynamically imported by C:/Users/esteb/Desktop/Dentaldash/src/components/ClinicalRecordModal.jsx but also statically imported by C:/Users/esteb/Desktop/Dentaldash/src/components/AuthedApp.jsx, C:/Users/esteb/Desktop/Dentaldash/src/components/BookingForm.jsx, C:/Users/esteb/Desktop/Dentaldash/src/components/EditTurnoModal.jsx, C:/Users/esteb/Desktop/Dentaldash/src/components/InsuranceAutocomplete.jsx, C:/Users/esteb/Desktop/Dentaldash/src/components/OdontogramView.jsx, C:/Users/esteb/Desktop/Dentaldash/src/components/PacientesView.jsx, C:/Users/esteb/Desktop/Dentaldash/src/components/TurnoDetailsModal.jsx, C:/Users/esteb/Desktop/Dentaldash/src/hooks/usePatients.js, C:/Users/esteb/Desktop/Dentaldash/src/router/AppRoutes.jsx, dynamic import will not move module into another chunk.

rendering chunks...
computing gzip size...
[2mdist/[22m[32mindex.html                                [39m[1m[2m  0.74 kB[22m[1m[22m[2m Ôöé gzip:   0.42 kB[22m
[2mdist/[22m[32massets/fondo-login-dentista-B24O_70a.jpg  [39m[1m[2m247.59 kB[22m[1m[22m
[2mdist/[22m[35massets/index-DV74cESa.css                 [39m[1m[2m 37.52 kB[22m[1m[22m[2m Ôöé gzip:   6.93 kB[22m
[2mdist/[22m[36massets/index-B9sm-MlK.js                  [39m[1m[33m719.91 kB[39m[22m[2m Ôöé gzip: 213.31 kB[22m

(!) Some chunks are larger than 500 kB after minification. Consider:
- Using dynamic import() to code-split the application
- Use build.rollupOptions.output.manualChunks to improve chunking: https://rollupjs.org/configuration-options/#output-manualchunks
- Adjust chunk size limit for this warning via build.chunkSizeWarningLimit.
[32mÔ£ô built in 7.03s[39m
